// Jest Snapshot v1, https://goo.gl/fbAQLP

exports[`SnapShot Footer Test Testing Footer 1`] = `
<footer>
  <div>
    <hr />
    Â© DeveloperFunnels
  </div>
</footer>
`;
